// Jest Snapshot v1, https://goo.gl/fbAQLP

exports[`members/list/components/header tests should render header 1`] = `
<thead>
  <tr>
    <th>
      Avatar
    </th>
    <th>
      Id
    </th>
    <th>
      Name
    </th>
  </tr>
</thead>
`;
